[10:18:29] [ServerMain/INFO]: [bootstrap] Running Java 25 (OpenJDK 64-Bit Server VM 25.0.2+10-LTS; Microsoft Microsoft-13053558) on Linux 6.8.0-1052-azure (amd64)
[10:18:29] [ServerMain/INFO]: [bootstrap] Loading Paper 26.1.2-68-main@3580fa4 (2026-06-02T11:56:34Z) for Minecraft 26.1.2
[10:18:29] [ServerMain/INFO]: [PluginInitializerManager] Initializing plugins...
[10:18:30] [ServerMain/INFO]: [PluginInitializerManager] Initialized 2 plugins
[10:18:30] [ServerMain/INFO]: [PluginInitializerManager] Bukkit plugins (2):
 - TAB (6.0.2), ViaVersion (5.9.1)
[10:18:37] [ServerMain/INFO]: Environment: Environment[sessionHost=https://sessionserver.mojang.com, servicesHost=https://api.minecraftservices.com, profilesHost=https://api.mojang.com, name=PROD]
[10:18:41] [ServerMain/INFO]: Loaded 1515 recipes
[10:18:41] [ServerMain/INFO]: Loaded 1617 advancements
[10:18:41] [ServerMain/INFO]: [ca.spottedleaf.dataconverter.minecraft.datatypes.MCTypeRegistry] Initialising converters for DataConverter...
[10:18:41] [ServerMain/INFO]: [ca.spottedleaf.dataconverter.minecraft.datatypes.MCTypeRegistry] Finished initialising converters for DataConverter in 613.0ms
[10:18:41] [Server thread/INFO]: Starting minecraft server version 26.1.2
[10:18:41] [Server thread/INFO]: Loading properties
[10:18:42] [Server thread/INFO]: This server is running Paper version 26.1.2-68-main@3580fa4 (2026-06-02T11:56:34Z) (Implementing API version 26.1.2.build.68-stable)
[10:18:42] [Server thread/INFO]: [spark] This server bundles the spark profiler. For more information please visit https://docs.papermc.io/paper/profiling
[10:18:42] [Server thread/INFO]: Server Ping Player Sample Count: 12
[10:18:42] [Server thread/INFO]: Using 4 threads for Netty based IO
[10:18:42] [Server thread/INFO]: [MoonriseCommon] Paper is using 1 worker threads, 1 I/O threads
[10:18:43] [Server thread/INFO]: Default game type: SURVIVAL
[10:18:43] [Server thread/INFO]: Generating keypair
[10:18:43] [Server thread/INFO]: Starting Minecraft server on *:25565
[10:18:43] [Server thread/INFO]: Paper: Using libdeflate (Linux x86_64) compression from Velocity.
[10:18:43] [Server thread/INFO]: Paper: Using OpenSSL 3.x.x (Linux x86_64) cipher from Velocity.
[10:18:44] [Server thread/INFO]: [ViaVersion] Loading server plugin ViaVersion v5.9.1
[10:18:44] [Server thread/INFO]: [ViaVersion] ViaVersion 5.9.1 is now loaded. Registering protocol transformers and injecting...
[10:18:45] [Via-Mappingloader-1/INFO]: [ViaVersion] Loading block connection mappings ...
[10:18:46] [Server thread/INFO]: [TAB] Loading server plugin TAB v6.0.2
[10:18:46] [Server thread/INFO]: Server permissions file permissions.yml is empty, ignoring it
[10:18:46] [Server thread/WARN]: **** SERVER IS RUNNING IN OFFLINE/INSECURE MODE!
[10:18:46] [Server thread/WARN]: The server will make no attempt to authenticate usernames. Beware.
[10:18:46] [Server thread/WARN]: While this makes the game possible to play without internet access, it also opens up the ability for hackers to connect with any username they choose.
[10:18:46] [Server thread/WARN]: To change this, set "online-mode" to "true" in the server.properties file.
[10:18:46] [Server thread/INFO]: Preparing level "world"
[10:18:46] [Server thread/INFO]: Loading 0 persistent chunks for level 'minecraft:overworld'...
[10:18:46] [Server thread/INFO]: Preparing spawn area: 100%
[10:18:46] [Server thread/INFO]: Prepared spawn area in 3 ms
[10:18:46] [Server thread/INFO]: Loading 0 persistent chunks for level 'minecraft:the_nether'...
[10:18:46] [Server thread/INFO]: Prepared spawn area in 5 ms
[10:18:46] [Server thread/INFO]: Loading 0 persistent chunks for level 'minecraft:the_end'...
[10:18:46] [Server thread/INFO]: Preparing spawn area: 100%
[10:18:46] [Server thread/INFO]: Prepared spawn area in 8 ms
[10:18:46] [Server thread/INFO]: Done preparing level "world" (0.916s)
[10:18:46] [Server thread/INFO]: [ViaVersion] Enabling ViaVersion v5.9.1
[10:18:47] [Server thread/INFO]: [ViaVersion] ViaVersion detected server version: 26.1-26.1.2 (775)
[10:18:47] [Server thread/WARN]: [ViaVersion] ViaVersion does not have any compatible versions for this server version!
[10:18:47] [Server thread/WARN]: [ViaVersion] ViaVersion only supports newer client versions. Use ViaBackwards to allow older versions (ViaRewind for 1.7/1.8) to join.
[10:18:47] [Server thread/WARN]: [ViaVersion] Get setup help at https://viaversion.com/setup or download ViaBackwards/ViaRewind directly at https://ci.viaversion.com/
[10:18:47] [Server thread/WARN]: [ViaVersion] Need more help? Join our Discord at https://viaversion.com/discord
[10:18:47] [Server thread/INFO]: [TAB] Enabling TAB v6.0.2
[10:18:47] [Server thread/INFO]: [TAB] Found NMS implementation: me.neznamy.tab.platforms.bukkit.paper_1_21_11.NMSImplementationProvider
[10:18:47] [Server thread/INFO]: [TAB] Enabled in 524ms
[10:18:48] [Server thread/INFO]: [spark] Starting background profiler...
[10:18:48] [Server thread/INFO]: Saving chunks for level 'ServerLevel[world]'/minecraft:overworld
[10:18:48] [Server thread/INFO]: Saving chunks for level 'ServerLevel[world]'/minecraft:the_nether
[10:18:48] [Server thread/INFO]: Saving chunks for level 'ServerLevel[world]'/minecraft:the_end
[10:18:48] [Server thread/INFO]: ThreadedAnvilChunkStorage (world): All chunks are saved
[10:18:48] [Server thread/INFO]: ThreadedAnvilChunkStorage (DIM-1): All chunks are saved
[10:18:48] [Server thread/INFO]: ThreadedAnvilChunkStorage (DIM1): All chunks are saved
[10:18:48] [Server thread/INFO]: ThreadedAnvilChunkStorage: All dimensions are saved
[10:18:48] [Server thread/INFO]: Running delayed init tasks
[10:18:48] [Server thread/INFO]: Done (21.039s)! For help, type "help"
[10:18:48] [Craft Scheduler Thread - 2 - ViaVersion/INFO]: [ViaVersion] Finished mapping loading, shutting down loader executor.
[10:18:57] [User Authenticator #0/INFO]: UUID of player Fryzen101 is ff77b4d7-3a8a-3bbb-9e01-0dd99c051d36
[10:19:00] [Server thread/INFO]: Fryzen101 joined the game
[10:19:00] [TAB Processing Thread/INFO]: [TAB] [WARN] Player Fryzen101's group (none) is not in sorting list! Sorting list: owner,admin,mod,helper,builder,vip,default. Player will be sorted on the bottom.
[10:19:00] [Server thread/INFO]: Fryzen101[/[0:0:0:0:0:0:0:1]:36270] logged in with entity id 89 at ([minecraft:overworld]825.457544759776, 89.74317126936853, -6.735903683484447)
[10:20:34] [Server thread/INFO]: Fryzen101 lost connection: Disconnected
[10:20:34] [Server thread/INFO]: Fryzen101 left the game
[10:21:31] [User Authenticator #1/INFO]: UUID of player Fryzen101 is ff77b4d7-3a8a-3bbb-9e01-0dd99c051d36
[10:21:31] [TAB Processing Thread/INFO]: [TAB] [WARN] Player Fryzen101's group (none) is not in sorting list! Sorting list: owner,admin,mod,helper,builder,vip,default. Player will be sorted on the bottom.
[10:21:31] [Server thread/INFO]: Fryzen101 joined the game
[10:21:31] [Server thread/INFO]: Fryzen101[/[0:0:0:0:0:0:0:1]:52046] logged in with entity id 471 at ([minecraft:overworld]827.3841881973, 87.0, -6.99622809851802)
[10:41:31] [Server thread/INFO]: Fryzen101 was kicked due to keepalive timeout!
[10:41:31] [Server thread/INFO]: Fryzen101 lost connection: Timed out
[10:41:32] [Server thread/INFO]: Fryzen101 left the game
[10:42:31] [Server thread/INFO]: Server empty for 60 seconds, pausing
[10:45:09] [Server thread/INFO]: Stopping server
[10:45:10] [Server thread/INFO]: [TAB] Disabling TAB v6.0.2
[10:45:10] [Server thread/INFO]: [TAB] Disabled in 6ms
[10:45:10] [Server thread/INFO]: [ViaVersion] Disabling ViaVersion v5.9.1
[10:45:10] [Server thread/INFO]: [ViaVersion] ViaVersion has been disabled; uninjected the platform and shut down the scheduler.
[10:45:10] [Server thread/INFO]: Saving players
[10:45:10] [Server thread/INFO]: Saving worlds
[10:45:10] [Server thread/INFO]: Saving chunks for level 'ServerLevel[world]'/minecraft:overworld
[10:45:10] [Server thread/INFO]: [ChunkHolderManager] Waiting 60s for chunk system to halt for world 'minecraft:overworld'
[10:45:10] [Server thread/INFO]: [ChunkHolderManager] Halted chunk system for world 'minecraft:overworld'
[10:45:10] [Server thread/INFO]: [ChunkHolderManager] Saving all chunkholders for world 'minecraft:overworld'
[10:45:11] [Server thread/INFO]: [ChunkHolderManager] Saved 0 block chunks, 0 entity chunks, 0 poi chunks in world 'minecraft:overworld' in 0.01s
[10:45:11] [Server thread/INFO]: [ChunkHolderManager] Waiting 60s for chunk I/O to halt for world 'minecraft:overworld'
[10:45:11] [Server thread/INFO]: [ChunkHolderManager] Halted I/O scheduler for world 'minecraft:overworld'
[10:45:11] [Server thread/INFO]: Saving chunks for level 'ServerLevel[world]'/minecraft:the_nether
[10:45:11] [Server thread/INFO]: [ChunkHolderManager] Waiting 60s for chunk system to halt for world 'minecraft:the_nether'
[10:45:11] [Server thread/INFO]: [ChunkHolderManager] Halted chunk system for world 'minecraft:the_nether'
[10:45:11] [Server thread/INFO]: [ChunkHolderManager] Saving all chunkholders for world 'minecraft:the_nether'
[10:45:11] [Server thread/INFO]: [ChunkHolderManager] Saved 0 block chunks, 0 entity chunks, 0 poi chunks in world 'minecraft:the_nether' in 0.00s
[10:45:11] [Server thread/INFO]: [ChunkHolderManager] Waiting 60s for chunk I/O to halt for world 'minecraft:the_nether'
[10:45:11] [Server thread/INFO]: [ChunkHolderManager] Halted I/O scheduler for world 'minecraft:the_nether'
[10:45:11] [Server thread/INFO]: Saving chunks for level 'ServerLevel[world]'/minecraft:the_end
[10:45:11] [Server thread/INFO]: [ChunkHolderManager] Waiting 60s for chunk system to halt for world 'minecraft:the_end'
[10:45:11] [Server thread/INFO]: [ChunkHolderManager] Halted chunk system for world 'minecraft:the_end'
[10:45:11] [Server thread/INFO]: [ChunkHolderManager] Saving all chunkholders for world 'minecraft:the_end'
[10:45:11] [Server thread/INFO]: [ChunkHolderManager] Saved 0 block chunks, 0 entity chunks, 0 poi chunks in world 'minecraft:the_end' in 0.00s
[10:45:11] [Server thread/INFO]: [ChunkHolderManager] Waiting 60s for chunk I/O to halt for world 'minecraft:the_end'
[10:45:11] [Server thread/INFO]: [ChunkHolderManager] Halted I/O scheduler for world 'minecraft:the_end'
[10:45:11] [Server thread/INFO]: ThreadedAnvilChunkStorage (world): All chunks are saved
[10:45:11] [Server thread/INFO]: ThreadedAnvilChunkStorage (DIM-1): All chunks are saved
[10:45:11] [Server thread/INFO]: ThreadedAnvilChunkStorage (DIM1): All chunks are saved
[10:45:11] [Server thread/INFO]: ThreadedAnvilChunkStorage: All dimensions are saved
[10:45:11] [Server thread/INFO]: Waiting for all RegionFile I/O tasks to complete...
[10:45:11] [Server thread/INFO]: All RegionFile I/O tasks to complete
[10:45:11] [Server thread/INFO]: [MoonriseCommon] Awaiting termination of worker pool for up to 60s...
[10:45:11] [Server thread/INFO]: [MoonriseCommon] Awaiting termination of I/O pool for up to 60s...
